// Jest Snapshot v1, https://goo.gl/fbAQLP

exports[`snapshot match testing: Card component 1`] = `
"<div className=\\"tc grow bg-light-green br3 pa3 ma2 dib bw2 shadow-5\\">
  <img alt=\\"robots\\" src=\\"https://robohash.org/1?size=200x200\\" />
  <div>
    <h2>
      John Snow
    </h2>
    <p>
      john@snow.com
    </p>
  </div>
</div>"
`;
