// Jest Snapshot v1, https://goo.gl/fbAQLP

exports[`snapshot match testing: CardList component 1`] = `
"<div>
  <Card id={1} name=\\"John Snow\\" email=\\"john@snow.com\\" />
  <Card id={2} name=\\"Regina Teideman\\" email=\\"regina@teideman.com\\" />
</div>"
`;
