// Jest Snapshot v1, https://goo.gl/fbAQLP

exports[`snapshot match testing: CounterButton component 1`] = `
"<button id=\\"counter\\" color=\\"red\\" onClick={[Function: onClick]}>
  Count: 
  1
</button>"
`;
